Project 1 Tests
Created by Daniel Kozitza
CSCI 301 section 2
Due 09/02/2015

[jklkbum@GLaDOS project_1]$ ./are_anagrams
Enter the first string:  a1
Enter the second string: A2
They are anagrams!
[jklkbum@GLaDOS project_1]$ ./are_anagrams
Enter the first string:  aaa
Enter the second string: aa
They are not anagrams.
[jklkbum@GLaDOS project_1]$ ./are_anagrams
Enter the first string:  a
Enter the second string: b
They are not anagrams.
[jklkbum@GLaDOS project_1]$ ./are_anagrams
Enter the first string:  Snooze alarms
Enter the second string: Alas, no more Z's
They are anagrams!
[jklkbum@GLaDOS project_1]$ ./are_anagrams
Enter the first string:
are_anagrams: are_anagrams.cpp:70: void get_set(std::istream&, std::map<char, int>&): Assertion `cnt > 1' failed.
Aborted (core dumped)
[jklkbum@GLaDOS project_1]$ ./are_anagrams
Enter the first string:           .         .         .         .         .         .!
are_anagrams: are_anagrams.cpp:65: void get_set(std::istream&, std::map<char, int>&): Assertion `cnt < LineMaxLength' failed.
Aborted (core dumped)
[jklkbum@GLaDOS project_1]$ 

